---
source: gql2sql/src/lib.rs
expression: statement.to_string()
---
SELECT jsonb_build_object('app', (SELECT coalesce(jsonb_agg(to_jsonb((SELECT "root" FROM (SELECT "base"."id", "join.components.57f9bf6390bb3" AS "components") AS "root"))), '[]') AS "root" FROM (SELECT * FROM "App" WHERE "id" = '345810043118026832' ORDER BY "name" ASC) AS "base" LEFT JOIN LATERAL (SELECT coalesce(jsonb_agg(to_jsonb((SELECT "root" FROM (SELECT "base.Component"."appId", "base.Component"."id", "join.pageMeta.57f9bf6390bb3" AS "pageMeta", "join.elements.c9394bf982e29" AS "elements") AS "root"))), '[]') AS "join.components.57f9bf6390bb3" FROM (SELECT * FROM "Component" WHERE "Component"."appId" = "base"."id") AS "base.Component" LEFT JOIN LATERAL (SELECT to_jsonb((SELECT "root" FROM (SELECT "base.Component.PageMeta"."componentId", "base.Component.PageMeta"."id", "base.Component.PageMeta"."path") AS "root")) AS "join.pageMeta.57f9bf6390bb3" FROM (SELECT * FROM "PageMeta" WHERE "PageMeta"."componentId" = "base.Component"."id" LIMIT 1) AS "base.Component.PageMeta") AS "join.pageMeta.57f9bf6390bb3.PageMeta" ON ('true') LEFT JOIN LATERAL (SELECT coalesce(jsonb_agg(to_jsonb((SELECT "root" FROM (SELECT "base.Component.Element"."componentParentId", "base.Component.Element"."id", "base.Component.Element"."name") AS "root"))), '[]') AS "join.elements.c9394bf982e29" FROM (SELECT * FROM "Element" WHERE "Element"."componentParentId" = "base.Component"."id" ORDER BY "order" ASC) AS "base.Component.Element") AS "join.elements.c9394bf982e29.Element" ON ('true')) AS "join.components.57f9bf6390bb3.Component" ON ('true')), 'Component_aggregate', (SELECT jsonb_build_object('count', COUNT(*), 'min', jsonb_build_object('createdAt', MIN("createdAt"))) AS "root" FROM (SELECT * FROM "Component" WHERE "appId" = '345810043118026832') AS "base")) AS "data"
