---
source: gql2sql/src/lib.rs
expression: statement.to_string()
---
SELECT jsonb_build_object('currentUser', (SELECT coalesce(jsonb_agg(to_jsonb((SELECT "root" FROM (SELECT "base"."id", "join.lists.57f9bf6390bb3" AS "lists") AS "root"))), '[]') AS "root" FROM (SELECT * FROM "User" WHERE "id" = $1::text) AS "base" LEFT JOIN LATERAL (SELECT coalesce(jsonb_agg(to_jsonb((SELECT "root" FROM (SELECT "base.wrHJEgwMUmdJ3eWtPLPk8"."id") AS "root"))), '[]') AS "join.lists.57f9bf6390bb3" FROM (SELECT * FROM "wrHJEgwMUmdJ3eWtPLPk8", "_UserTowrHJEgwMUmdJ3eWtPLPk8" WHERE "_UserTowrHJEgwMUmdJ3eWtPLPk8"."B" = "wrHJEgwMUmdJ3eWtPLPk8"."id" AND "_UserTowrHJEgwMUmdJ3eWtPLPk8"."A" = "base"."id") AS "base.wrHJEgwMUmdJ3eWtPLPk8") AS "join.lists.57f9bf6390bb3.wrHJEgwMUmdJ3eWtPLPk8" ON ('true'))) AS "data"
