---
source: gql2sql/src/lib.rs
expression: "serde_json::to_string_pretty(&params)?"
---
[
  "piWkMrFFXgdQBBkzf84MD"
]
