---
source: gql2sql/src/lib.rs
expression: statement.to_string()
---
SELECT json_build_object('getUserById', (SELECT to_json((SELECT "root" FROM (SELECT "base"."email", "base"."id", "base"."name", "base"."created_at", "base"."updated_at", "base"."profile_image_url") AS "root")) AS "root" FROM (SELECT * FROM "User" WHERE "id" = $1 LIMIT 1) AS "base"), 'getfHWzqqUgtLRk88TzxQwfyList', (SELECT coalesce(json_agg(to_json((SELECT "root" FROM (SELECT "join.hx8if7CyVtb4jrN4DXgie_id" AS "hx8if7CyVtb4jrN4DXgie_id", "base"."id", "base"."created_at", "base"."updated_at") AS "root"))), '[]') AS "root" FROM (SELECT * FROM "fHWzqqUgtLRk88TzxQwfy" WHERE "hx8if7CyVtb4jrN4DXgie_id" = $2) AS "base" LEFT JOIN LATERAL (SELECT to_json((SELECT "root" FROM (SELECT "base.jddN4iWUQgbFHi8edGyMd"."id", "base.jddN4iWUQgbFHi8edGyMd"."Y4MGwWgpeRU6kCAqbyDgz", "base.jddN4iWUQgbFHi8edGyMd"."id", "base.jddN4iWUQgbFHi8edGyMd"."created_at", "base.jddN4iWUQgbFHi8edGyMd"."updated_at") AS "root")) AS "join.hx8if7CyVtb4jrN4DXgie_id" FROM (SELECT * FROM "jddN4iWUQgbFHi8edGyMd" WHERE "jddN4iWUQgbFHi8edGyMd"."id" = "base"."hx8if7CyVtb4jrN4DXgie_id" LIMIT 1) AS "base.jddN4iWUQgbFHi8edGyMd") AS "join.hx8if7CyVtb4jrN4DXgie_id.jddN4iWUQgbFHi8edGyMd" ON ('true'))) AS "data"
